// Jest Snapshot v1, https://goo.gl/fbAQLP

exports[`BUTTON - UI Library renders correctly 1`] = `
.c0 {
  font-size: 1em;
  height: 2.5em;
  line-height: 2.5em;
  text-overflow: ellipsis;
  color: #FFFFFF;
  background-color: #22AA4E;
  cursor: pointer;
  padding: 0 2em;
  border-radius: 0.25em;
}

<button
  className="c0"
  onClick={[Function]}
>
  my button
</button>
`;
